
R version 3.0.2 (2013-09-25) -- "Frisbee Sailing"
Copyright (C) 2013 The R Foundation for Statistical Computing
Platform: x86_64-pc-linux-gnu (64-bit)

R is free software and comes with ABSOLUTELY NO WARRANTY.
You are welcome to redistribute it under certain conditions.
Type 'license()' or 'licence()' for distribution details.

  Natural language support but running in an English locale

R is a collaborative project with many contributors.
Type 'contributors()' for more information and
'citation()' on how to cite R or R packages in publications.

Type 'demo()' for some demos, 'help()' for on-line help, or
'help.start()' for an HTML browser interface to help.
Type 'q()' to quit R.

> rm(list=ls(all=T))
> 
> require(latticeExtra)
Loading required package: latticeExtra
Loading required package: RColorBrewer
Loading required package: lattice
> library(coda)
> dados <- read.table("granprix2010a2013.txt",h=T)
> attach(dados)
> 
> nomes <- levels(W)
> 
> estimandos <- nomes[c(7,19,20,32,35,47,51,63,143,145,
+                       204,208,232,284,292,325,401,407,433,437,
+                       472,494,531,536,570,576,627,633,644,646,
+                       653,658,738,757,773,843,877,908,929,931,
+                       942,948,959,972,973,979)]
> 
> cadeia.gamaA   <- read.table("cadeia.gamaA.txt")
> cadeia.deltaA <- read.table("cadeia.deltaA.txt")
> 
> 
> cadeia.gamaB   <- read.table("cadeia.gamaB.txt")
> cadeia.deltaB <- read.table("cadeia.deltaB.txt")
> 
> cadeia.gamaC   <- read.table("cadeia.gamaC.txt")
> cadeia.deltaC <- read.table("cadeia.deltaC.txt")
> 
> 
> 
> 
> cadeia.gamaA   <- mcmc(cadeia.gamaA)
> cadeia.deltaA <- mcmc(cadeia.deltaA)
> 
> cadeia.gamaB   <- mcmc(cadeia.gamaB)
> cadeia.deltaB <- mcmc(cadeia.deltaB)
> 
> cadeia.gamaC   <- mcmc(cadeia.gamaC)
> cadeia.deltaC <- mcmc(cadeia.deltaC)
> 
> rd.gamaA    <- raftery.diag(cadeia.gamaA)$resmatrix
> res.gamaA   <- summary(cadeia.gamaA)
> rd.deltaA  <- raftery.diag(cadeia.deltaA)$resmatrix
> res.deltaA <-summary(cadeia.deltaA)
> 
> rd.gamaB    <- raftery.diag(cadeia.gamaB)$resmatrix
> res.gamaB   <- summary(cadeia.gamaB)
> rd.deltaB  <- raftery.diag(cadeia.deltaB)$resmatrix
> res.deltaB <-summary(cadeia.deltaB)
> 
> rd.gamaC    <- raftery.diag(cadeia.gamaC)$resmatrix
> res.gamaC   <- summary(cadeia.gamaC)
> rd.deltaC  <- raftery.diag(cadeia.deltaC)$resmatrix
> res.deltaC <-summary(cadeia.deltaC)
> 
> rd.gamaA
    M    N Nmin     I
V1  2 3561 3746 0.951
V2  2 3711 3746 0.991
V3  2 3787 3746 1.010
V4  2 3635 3746 0.970
V5  2 3711 3746 0.991
V6  2 3635 3746 0.970
V7  2 3561 3746 0.951
V8  2 3787 3746 1.010
V9  2 3866 3746 1.030
V10 2 3635 3746 0.970
V11 3 4029 3746 1.080
V12 2 3787 3746 1.010
V13 2 3635 3746 0.970
V14 2 3787 3746 1.010
V15 2 3635 3746 0.970
V16 2 3712 3746 0.991
V17 2 3787 3746 1.010
V18 2 3561 3746 0.951
V19 2 3787 3746 1.010
V20 2 3711 3746 0.991
V21 2 3635 3746 0.970
V22 2 3866 3746 1.030
V23 2 3711 3746 0.991
V24 2 3561 3746 0.951
V25 2 3711 3746 0.991
V26 2 3787 3746 1.010
V27 2 3711 3746 0.991
V28 2 3787 3746 1.010
V29 2 3711 3746 0.991
V30 2 3787 3746 1.010
V31 2 3711 3746 0.991
V32 2 3711 3746 0.991
V33 2 3946 3746 1.050
V34 2 3635 3746 0.970
V35 3 4029 3746 1.080
V36 2 3946 3746 1.050
V37 2 3787 3746 1.010
V38 2 3561 3746 0.951
V39 2 3946 3746 1.050
V40 2 3866 3746 1.030
V41 3 4029 3746 1.080
V42 2 3711 3746 0.991
V43 2 3711 3746 0.991
V44 3 4198 3746 1.120
V45 2 3790 3746 1.010
V46 2 3635 3746 0.970
> res.gamaA

Iterations = 1:4000
Thinning interval = 1 
Number of chains = 1 
Sample size per chain = 4000 

1. Empirical mean and standard deviation for each variable,
   plus standard error of the mean:

    Mean     SD Naive SE Time-series SE
V1  2724 11.972   0.1893         0.1845
V2  2676 11.832   0.1871         0.1871
V3  2710 17.056   0.2697         0.2697
V4  2814 13.616   0.2153         0.2153
V5  2713 12.123   0.1917         0.1917
V6  2709 14.940   0.2362         0.2362
V7  2818 12.148   0.1921         0.2053
V8  2705 10.280   0.1625         0.1625
V9  2846 12.767   0.2019         0.2019
V10 2742  9.347   0.1478         0.1478
V11 2685 12.326   0.1949         0.2008
V12 2725 13.830   0.2187         0.2187
V13 2702 11.391   0.1801         0.1801
V14 2760 12.091   0.1912         0.1874
V15 2714  9.474   0.1498         0.1498
V16 2774 11.631   0.1839         0.1839
V17 2776  9.390   0.1485         0.1485
V18 2733 10.740   0.1698         0.1698
V19 2772 12.425   0.1965         0.1965
V20 2790 10.975   0.1735         0.1735
V21 2708 14.128   0.2234         0.2182
V22 2808 12.856   0.2033         0.2033
V23 2738 14.508   0.2294         0.2294
V24 2718 10.887   0.1721         0.1721
V25 2700 14.389   0.2275         0.2275
V26 2757 12.404   0.1961         0.1961
V27 2688 12.895   0.2039         0.2245
V28 2759 15.424   0.2439         0.2439
V29 2689 10.019   0.1584         0.1644
V30 2788 10.290   0.1627         0.1627
V31 2705  9.695   0.1533         0.1533
V32 2713 10.402   0.1645         0.1645
V33 2740 10.444   0.1651         0.1651
V34 2783 14.391   0.2275         0.2275
V35 2702 14.210   0.2247         0.2163
V36 2724 10.680   0.1689         0.1689
V37 2671 11.952   0.1890         0.1890
V38 2766 12.486   0.1974         0.1974
V39 2729 13.912   0.2200         0.2200
V40 2735 15.875   0.2510         0.2390
V41 2713  9.875   0.1561         0.1561
V42 2686 11.049   0.1747         0.1747
V43 2706 10.993   0.1738         0.1738
V44 2745 12.254   0.1938         0.1938
V45 2700 11.751   0.1858         0.1877
V46 2733 12.529   0.1981         0.1981

2. Quantiles for each variable:

    2.5%  25%  50%  75% 97.5%
V1  2702 2716 2724 2732  2749
V2  2653 2668 2676 2684  2699
V3  2677 2699 2710 2721  2743
V4  2787 2804 2814 2823  2840
V5  2689 2704 2713 2721  2736
V6  2680 2699 2709 2719  2739
V7  2794 2810 2818 2826  2842
V8  2685 2698 2705 2712  2726
V9  2821 2837 2846 2854  2871
V10 2724 2736 2742 2749  2761
V11 2661 2677 2685 2694  2710
V12 2697 2716 2725 2734  2752
V13 2680 2694 2702 2710  2724
V14 2736 2751 2760 2768  2783
V15 2696 2707 2714 2720  2732
V16 2750 2765 2774 2781  2797
V17 2757 2770 2776 2782  2795
V18 2712 2726 2733 2740  2754
V19 2748 2764 2772 2780  2797
V20 2768 2783 2790 2798  2812
V21 2680 2699 2708 2718  2736
V22 2783 2799 2808 2816  2833
V23 2710 2728 2738 2748  2767
V24 2697 2711 2718 2725  2739
V25 2673 2691 2700 2710  2728
V26 2733 2748 2757 2765  2781
V27 2663 2679 2688 2697  2713
V28 2729 2749 2760 2770  2790
V29 2670 2682 2689 2696  2709
V30 2768 2781 2788 2795  2808
V31 2686 2698 2705 2711  2724
V32 2693 2706 2713 2720  2734
V33 2720 2733 2739 2747  2760
V34 2754 2774 2783 2793  2811
V35 2674 2692 2702 2711  2731
V36 2703 2717 2724 2731  2745
V37 2648 2663 2671 2679  2695
V38 2741 2757 2765 2774  2791
V39 2702 2719 2729 2738  2755
V40 2705 2724 2734 2745  2767
V41 2694 2706 2712 2719  2732
V42 2665 2679 2686 2694  2708
V43 2684 2699 2706 2713  2727
V44 2721 2737 2745 2754  2770
V45 2677 2693 2701 2709  2723
V46 2708 2725 2733 2742  2758

> rd.gamaB
    M    N Nmin     I
V1  2 3946 3746 1.050
V2  2 3711 3746 0.991
V3  2 3635 3746 0.970
V4  2 3635 3746 0.970
V5  2 3561 3746 0.951
V6  2 3787 3746 1.010
V7  2 3866 3746 1.030
V8  2 3790 3746 1.010
V9  2 3946 3746 1.050
V10 2 3787 3746 1.010
V11 2 3866 3746 1.030
V12 2 3602 3746 0.962
V13 2 3561 3746 0.951
V14 2 3676 3746 0.981
V15 2 3561 3746 0.951
V16 2 3676 3746 0.981
V17 2 3820 3746 1.020
V18 2 3635 3746 0.970
V19 2 3787 3746 1.010
V20 2 3866 3746 1.030
V21 2 3787 3746 1.010
V22 2 3787 3746 1.010
V23 2 3561 3746 0.951
V24 2 3561 3746 0.951
V25 2 3635 3746 0.970
V26 2 3866 3746 1.030
V27 2 3946 3746 1.050
V28 2 3866 3746 1.030
V29 2 3711 3746 0.991
V30 2 3787 3746 1.010
V31 2 3787 3746 1.010
V32 2 3787 3746 1.010
V33 2 3635 3746 0.970
V34 2 3866 3746 1.030
V35 2 3635 3746 0.970
V36 2 3635 3746 0.970
V37 2 3635 3746 0.970
V38 3 4198 3746 1.120
V39 2 3635 3746 0.970
V40 2 3743 3746 0.999
V41 2 3711 3746 0.991
V42 2 3787 3746 1.010
V43 2 3561 3746 0.951
V44 2 3787 3746 1.010
V45 2 3787 3746 1.010
V46 2 3561 3746 0.951
> res.gamaB

Iterations = 1:4000
Thinning interval = 1 
Number of chains = 1 
Sample size per chain = 4000 

1. Empirical mean and standard deviation for each variable,
   plus standard error of the mean:

    Mean     SD Naive SE Time-series SE
V1  2724 11.843   0.1873         0.1925
V2  2675 11.837   0.1872         0.1826
V3  2709 16.758   0.2650         0.2650
V4  2814 13.752   0.2174         0.2174
V5  2713 11.951   0.1890         0.1890
V6  2709 14.853   0.2348         0.2348
V7  2818 12.286   0.1943         0.1943
V8  2705 10.534   0.1666         0.1666
V9  2845 12.756   0.2017         0.2017
V10 2743  9.191   0.1453         0.1453
V11 2686 12.369   0.1956         0.2008
V12 2725 13.602   0.2151         0.2151
V13 2702 11.653   0.1842         0.1794
V14 2760 12.196   0.1928         0.1928
V15 2714  9.469   0.1497         0.1497
V16 2773 11.685   0.1848         0.1848
V17 2776  9.186   0.1452         0.1452
V18 2734 11.057   0.1748         0.1748
V19 2772 12.565   0.1987         0.1987
V20 2791 11.217   0.1774         0.1897
V21 2709 14.055   0.2222         0.2222
V22 2808 12.801   0.2024         0.1858
V23 2738 14.405   0.2278         0.2278
V24 2718 11.095   0.1754         0.1731
V25 2701 14.023   0.2217         0.2217
V26 2757 12.703   0.2008         0.2008
V27 2688 12.894   0.2039         0.2095
V28 2759 15.393   0.2434         0.2434
V29 2689 10.024   0.1585         0.1585
V30 2788 10.343   0.1635         0.1635
V31 2704  9.692   0.1532         0.1532
V32 2714 10.384   0.1642         0.1686
V33 2740 10.626   0.1680         0.1680
V34 2783 14.303   0.2262         0.2194
V35 2701 14.002   0.2214         0.2214
V36 2724 10.916   0.1726         0.1726
V37 2671 12.208   0.1930         0.1930
V38 2766 12.093   0.1912         0.1912
V39 2729 13.937   0.2204         0.2204
V40 2735 16.237   0.2567         0.2567
V41 2713 10.035   0.1587         0.1587
V42 2686 10.725   0.1696         0.1696
V43 2707 11.324   0.1790         0.1790
V44 2745 12.243   0.1936         0.1936
V45 2700 11.780   0.1863         0.1863
V46 2733 12.336   0.1950         0.1950

2. Quantiles for each variable:

    2.5%  25%  50%  75% 97.5%
V1  2701 2716 2724 2732  2747
V2  2653 2667 2675 2684  2698
V3  2676 2698 2709 2721  2741
V4  2787 2805 2813 2823  2841
V5  2689 2704 2712 2721  2735
V6  2680 2699 2709 2719  2738
V7  2794 2809 2818 2827  2842
V8  2685 2698 2705 2712  2726
V9  2821 2837 2845 2854  2870
V10 2724 2736 2743 2749  2761
V11 2662 2677 2686 2694  2710
V12 2698 2715 2725 2734  2751
V13 2679 2694 2701 2709  2725
V14 2736 2752 2760 2768  2784
V15 2696 2707 2714 2720  2733
V16 2751 2766 2773 2781  2796
V17 2758 2770 2776 2782  2794
V18 2712 2726 2734 2741  2756
V19 2748 2763 2772 2780  2796
V20 2768 2783 2791 2799  2812
V21 2681 2699 2708 2718  2736
V22 2783 2800 2808 2817  2833
V23 2710 2728 2738 2748  2766
V24 2697 2711 2718 2726  2740
V25 2673 2691 2700 2710  2729
V26 2732 2748 2757 2765  2782
V27 2663 2679 2688 2697  2714
V28 2729 2749 2759 2770  2789
V29 2670 2682 2689 2696  2709
V30 2768 2781 2788 2795  2809
V31 2685 2698 2704 2711  2724
V32 2693 2706 2713 2721  2734
V33 2719 2733 2740 2747  2760
V34 2756 2773 2783 2793  2811
V35 2674 2692 2701 2711  2729
V36 2703 2717 2724 2731  2745
V37 2647 2663 2671 2679  2695
V38 2742 2757 2765 2774  2789
V39 2702 2720 2729 2738  2757
V40 2703 2724 2735 2746  2767
V41 2693 2706 2713 2720  2732
V42 2665 2679 2686 2693  2707
V43 2684 2699 2706 2714  2729
V44 2722 2737 2745 2754  2770
V45 2678 2693 2701 2708  2723
V46 2709 2725 2733 2741  2757

> rd.gamaC
    M    N Nmin     I
V1  2 3635 3746 0.970
V2  2 3711 3746 0.991
V3  2 3866 3746 1.030
V4  2 3711 3746 0.991
V5  2 3635 3746 0.970
V6  3 4029 3746 1.080
V7  2 3711 3746 0.991
V8  2 3866 3746 1.030
V9  2 3787 3746 1.010
V10 2 3635 3746 0.970
V11 2 3787 3746 1.010
V12 2 3711 3746 0.991
V13 2 3711 3746 0.991
V14 2 3711 3746 0.991
V15 2 3711 3746 0.991
V16 2 3787 3746 1.010
V17 2 3866 3746 1.030
V18 2 3711 3746 0.991
V19 2 3635 3746 0.970
V20 2 3635 3746 0.970
V21 2 3635 3746 0.970
V22 2 3711 3746 0.991
V23 2 3866 3746 1.030
V24 2 3711 3746 0.991
V25 2 3711 3746 0.991
V26 2 3787 3746 1.010
V27 2 3561 3746 0.951
V28 2 3866 3746 1.030
V29 2 3866 3746 1.030
V30 2 3635 3746 0.970
V31 2 3635 3746 0.970
V32 2 3635 3746 0.970
V33 2 3787 3746 1.010
V34 2 3866 3746 1.030
V35 2 3635 3746 0.970
V36 2 3711 3746 0.991
V37 2 3635 3746 0.970
V38 2 3787 3746 1.010
V39 2 3635 3746 0.970
V40 2 3635 3746 0.970
V41 2 3711 3746 0.991
V42 2 3712 3746 0.991
V43 2 3711 3746 0.991
V44 2 3635 3746 0.970
V45 2 3866 3746 1.030
V46 2 3946 3746 1.050
> res.gamaC

Iterations = 1:4000
Thinning interval = 1 
Number of chains = 1 
Sample size per chain = 4000 

1. Empirical mean and standard deviation for each variable,
   plus standard error of the mean:

    Mean     SD Naive SE Time-series SE
V1  2724 12.056   0.1906         0.1906
V2  2676 11.915   0.1884         0.1884
V3  2710 17.337   0.2741         0.2741
V4  2814 13.508   0.2136         0.2136
V5  2712 11.970   0.1893         0.1836
V6  2709 15.014   0.2374         0.2374
V7  2818 12.048   0.1905         0.1905
V8  2705 10.635   0.1682         0.1682
V9  2846 12.913   0.2042         0.2042
V10 2743  9.370   0.1481         0.1418
V11 2685 12.362   0.1955         0.1955
V12 2725 13.578   0.2147         0.2147
V13 2702 11.649   0.1842         0.1842
V14 2760 12.284   0.1942         0.1942
V15 2714  9.604   0.1519         0.1519
V16 2774 11.620   0.1837         0.1837
V17 2776  9.137   0.1445         0.1445
V18 2733 10.814   0.1710         0.1591
V19 2772 12.493   0.1975         0.1975
V20 2790 11.176   0.1767         0.1723
V21 2709 14.080   0.2226         0.2226
V22 2808 12.738   0.2014         0.2060
V23 2738 14.167   0.2240         0.2316
V24 2718 11.023   0.1743         0.1743
V25 2701 13.923   0.2201         0.2201
V26 2757 12.677   0.2004         0.2004
V27 2688 12.850   0.2032         0.2009
V28 2760 15.674   0.2478         0.2478
V29 2689  9.919   0.1568         0.1827
V30 2788 10.327   0.1633         0.1633
V31 2705  9.908   0.1567         0.1567
V32 2713 10.554   0.1669         0.1669
V33 2740 10.517   0.1663         0.1663
V34 2783 14.338   0.2267         0.2267
V35 2701 14.359   0.2270         0.2270
V36 2724 10.896   0.1723         0.1723
V37 2671 11.967   0.1892         0.1823
V38 2766 12.001   0.1897         0.1897
V39 2729 13.954   0.2206         0.2206
V40 2734 15.906   0.2515         0.2515
V41 2712  9.761   0.1543         0.1543
V42 2686 10.973   0.1735         0.1735
V43 2707 11.287   0.1785         0.1683
V44 2745 12.210   0.1931         0.1931
V45 2701 12.015   0.1900         0.1983
V46 2733 12.394   0.1960         0.2017

2. Quantiles for each variable:

    2.5%  25%  50%  75% 97.5%
V1  2701 2716 2724 2732  2748
V2  2653 2668 2676 2684  2699
V3  2676 2698 2709 2721  2745
V4  2787 2805 2814 2823  2840
V5  2688 2704 2712 2720  2736
V6  2680 2699 2708 2719  2739
V7  2795 2810 2818 2826  2842
V8  2684 2698 2705 2712  2726
V9  2821 2837 2846 2855  2871
V10 2725 2736 2743 2749  2761
V11 2661 2677 2685 2694  2709
V12 2698 2716 2725 2734  2751
V13 2679 2694 2702 2710  2725
V14 2737 2751 2760 2768  2784
V15 2696 2708 2714 2720  2734
V16 2751 2766 2774 2782  2797
V17 2759 2770 2776 2782  2795
V18 2712 2726 2733 2741  2755
V19 2748 2764 2772 2781  2797
V20 2769 2783 2790 2798  2813
V21 2682 2700 2708 2718  2737
V22 2783 2800 2808 2816  2833
V23 2710 2729 2738 2747  2766
V24 2697 2711 2718 2725  2740
V25 2674 2692 2701 2710  2728
V26 2731 2748 2757 2765  2781
V27 2662 2679 2688 2697  2713
V28 2730 2749 2760 2770  2792
V29 2671 2683 2689 2696  2709
V30 2768 2782 2788 2795  2808
V31 2686 2698 2705 2711  2725
V32 2692 2706 2713 2721  2734
V33 2719 2733 2740 2747  2760
V34 2756 2774 2783 2793  2812
V35 2673 2691 2701 2711  2729
V36 2702 2717 2724 2731  2745
V37 2647 2663 2671 2679  2695
V38 2742 2758 2766 2774  2790
V39 2701 2719 2729 2738  2756
V40 2704 2724 2735 2745  2765
V41 2693 2706 2712 2719  2732
V42 2665 2679 2686 2694  2708
V43 2684 2699 2707 2714  2728
V44 2721 2737 2745 2753  2769
V45 2678 2692 2701 2709  2724
V46 2709 2724 2733 2741  2757

> 
> rd.deltaA
    M    N Nmin     I
V1  2 3711 3746 0.991
V2  2 3711 3746 0.991
V3  2 3870 3746 1.030
V4  2 3635 3746 0.970
V5  2 3866 3746 1.030
V6  2 3711 3746 0.991
V7  2 3946 3746 1.050
V8  2 3787 3746 1.010
V9  2 3561 3746 0.951
V10 2 3866 3746 1.030
V11 2 3602 3746 0.962
V12 3 4029 3746 1.080
V13 2 3711 3746 0.991
V14 2 3561 3746 0.951
V15 2 3866 3746 1.030
V16 2 3711 3746 0.991
V17 2 3830 3746 1.020
V18 2 3561 3746 0.951
V19 2 3787 3746 1.010
V20 3 4112 3746 1.100
V21 2 3866 3746 1.030
V22 2 3711 3746 0.991
V23 2 3787 3746 1.010
V24 2 3635 3746 0.970
V25 2 3866 3746 1.030
V26 2 3635 3746 0.970
V27 2 3787 3746 1.010
V28 2 3787 3746 1.010
V29 2 3946 3746 1.050
V30 2 3711 3746 0.991
V31 2 3711 3746 0.991
V32 2 3635 3746 0.970
V33 2 3866 3746 1.030
V34 2 3635 3746 0.970
V35 2 3635 3746 0.970
V36 2 3711 3746 0.991
V37 3 4029 3746 1.080
V38 2 3787 3746 1.010
V39 2 3866 3746 1.030
V40 2 3946 3746 1.050
V41 2 3787 3746 1.010
V42 2 3787 3746 1.010
V43 2 3787 3746 1.010
V44 2 3787 3746 1.010
V45 2 3635 3746 0.970
V46 2 3635 3746 0.970
> res.deltaA

Iterations = 1:4000
Thinning interval = 1 
Number of chains = 1 
Sample size per chain = 4000 

1. Empirical mean and standard deviation for each variable,
   plus standard error of the mean:

       Mean     SD Naive SE Time-series SE
V1  37.1941 11.460   0.1812         0.1853
V2  17.0083 11.383   0.1800         0.1744
V3  44.1378 15.548   0.2458         0.2458
V4   2.8901 12.649   0.2000         0.2083
V5   8.0007 11.471   0.1814         0.1864
V6  34.5477 13.767   0.2177         0.2177
V7  26.2070 11.569   0.1829         0.1829
V8  52.8923  9.913   0.1567         0.1537
V9  26.2749 12.063   0.1907         0.1907
V10 46.9321  9.168   0.1450         0.1450
V11 33.1908 11.805   0.1867         0.1774
V12 44.5494 12.755   0.2017         0.2017
V13 44.3180 11.118   0.1758         0.1758
V14 19.1893 11.583   0.1831         0.1831
V15 11.8637  9.288   0.1469         0.1433
V16 29.4230 10.920   0.1727         0.1795
V17 24.3496  9.060   0.1432         0.1468
V18 34.6296 10.420   0.1648         0.1648
V19 43.2461 11.814   0.1868         0.1827
V20 18.7210 10.669   0.1687         0.1687
V21 52.5636 13.334   0.2108         0.2164
V22 40.7657 12.031   0.1902         0.1902
V23 37.6264 13.254   0.2096         0.1943
V24 18.8718 10.623   0.1680         0.1680
V25 31.1685 13.159   0.2081         0.2081
V26 57.1180 11.942   0.1888         0.1888
V27 45.8171 12.294   0.1944         0.1921
V28 30.0179 14.332   0.2266         0.2266
V29 39.7678  9.813   0.1552         0.1552
V30 28.5224  9.771   0.1545         0.1510
V31 28.8998  9.367   0.1481         0.1451
V32 17.4092  9.985   0.1579         0.1544
V33  0.7125 10.171   0.1608         0.1608
V34 11.7248 13.604   0.2151         0.2151
V35  8.8253 13.612   0.2152         0.2152
V36 41.6504 10.295   0.1628         0.1578
V37 32.7029 11.343   0.1794         0.1794
V38 15.0734 11.343   0.1793         0.1793
V39 41.8060 13.257   0.2096         0.2096
V40 40.0884 14.733   0.2330         0.2330
V41 29.4502  9.531   0.1507         0.1507
V42 38.4225 10.606   0.1677         0.1677
V43 35.9341 10.862   0.1717         0.1768
V44 37.8368 11.513   0.1820         0.1820
V45 37.7252 11.216   0.1773         0.1773
V46 14.3385 11.671   0.1845         0.1845

2. Quantiles for each variable:

       2.5%     25%     50%    75% 97.5%
V1   15.117 29.3593 37.2231 44.878 59.54
V2   -5.355  9.2592 17.1448 24.631 38.87
V3   14.031 33.5716 43.8817 54.819 75.40
V4  -21.907 -5.5821  2.7175 11.200 28.33
V5  -13.775  0.3259  7.8190 15.639 30.82
V6    6.973 25.2006 34.6159 44.117 61.07
V7    3.404 18.2868 26.1609 34.069 48.16
V8   33.965 46.1827 52.8290 59.670 72.39
V9    2.686 18.0256 26.3300 34.164 49.97
V10  29.187 40.7512 46.8820 53.137 64.68
V11   9.949 25.0572 33.2532 41.464 55.65
V12  19.539 35.7899 44.4316 53.154 69.56
V13  22.688 37.0312 44.3430 51.862 65.84
V14  -2.859 11.3694 19.0785 27.114 41.93
V15  -6.410  5.6666 11.9870 18.106 29.58
V16   7.682 22.0068 29.2038 36.796 50.82
V17   6.241 18.2853 24.3569 30.363 42.37
V18  13.988 27.5517 34.6334 41.699 55.36
V19  20.338 35.3353 43.0899 51.413 66.45
V20  -1.855 11.4207 18.6036 25.622 40.24
V21  27.092 43.3835 52.4074 61.697 79.00
V22  17.674 32.5571 40.7885 48.864 64.42
V23  11.814 28.7319 37.4980 46.631 63.47
V24  -1.961 11.7030 18.7486 26.282 39.21
V25   5.856 22.0517 31.1028 40.150 56.83
V26  33.598 49.1220 57.3063 65.208 79.87
V27  22.266 37.4827 45.5684 54.097 70.24
V28   2.119 20.2917 30.0246 39.548 59.04
V29  20.364 33.0946 39.5271 46.456 58.79
V30   9.291 22.0668 28.4381 34.907 48.07
V31  10.832 22.4981 28.8213 35.152 47.00
V32  -2.088 10.7695 17.4951 24.129 37.01
V33 -19.755 -6.2511  0.6565  7.698 20.45
V34 -14.506  2.5462 11.5795 20.670 38.75
V35 -17.601 -0.3308  8.8938 18.169 34.94
V36  21.545 34.5745 41.6611 48.762 61.88
V37  10.924 25.0076 32.7723 40.200 55.29
V38  -7.381  7.6572 15.2470 22.575 37.58
V39  15.621 32.9256 42.0082 50.718 67.24
V40  11.046 30.1074 39.9703 50.266 68.77
V41  10.326 23.3136 29.4376 35.848 47.94
V42  17.545 31.4535 38.2703 45.593 59.08
V43  14.453 28.6631 35.8344 43.176 57.68
V44  15.167 30.1492 38.0604 45.561 60.48
V45  16.163 29.9285 37.9239 45.404 59.41
V46  -8.162  6.4517 14.3658 21.753 37.68

> rd.deltaB
    M    N Nmin     I
V1  2 3787 3746 1.010
V2  2 3635 3746 0.970
V3  2 3866 3746 1.030
V4  2 3866 3746 1.030
V5  2 3561 3746 0.951
V6  3 4112 3746 1.100
V7  2 3635 3746 0.970
V8  2 3711 3746 0.991
V9  2 3787 3746 1.010
V10 2 3561 3746 0.951
V11 2 3866 3746 1.030
V12 3 4029 3746 1.080
V13 2 3866 3746 1.030
V14 2 3787 3746 1.010
V15 2 3635 3746 0.970
V16 2 3866 3746 1.030
V17 2 3635 3746 0.970
V18 2 3635 3746 0.970
V19 2 3635 3746 0.970
V20 2 3711 3746 0.991
V21 2 3711 3746 0.991
V22 2 3711 3746 0.991
V23 2 3711 3746 0.991
V24 2 3946 3746 1.050
V25 2 3711 3746 0.991
V26 2 3866 3746 1.030
V27 2 3635 3746 0.970
V28 2 3635 3746 0.970
V29 2 3561 3746 0.951
V30 2 3787 3746 1.010
V31 2 3946 3746 1.050
V32 2 3711 3746 0.991
V33 2 3787 3746 1.010
V34 2 3561 3746 0.951
V35 2 3787 3746 1.010
V36 2 3635 3746 0.970
V37 3 4198 3746 1.120
V38 2 3711 3746 0.991
V39 2 3711 3746 0.991
V40 2 3635 3746 0.970
V41 2 3635 3746 0.970
V42 2 3635 3746 0.970
V43 2 3711 3746 0.991
V44 2 3711 3746 0.991
V45 3 4029 3746 1.080
V46 2 3561 3746 0.951
> res.deltaB

Iterations = 1:4000
Thinning interval = 1 
Number of chains = 1 
Sample size per chain = 4000 

1. Empirical mean and standard deviation for each variable,
   plus standard error of the mean:

      Mean     SD Naive SE Time-series SE
V1  36.842 11.290   0.1785         0.1726
V2  16.992 11.287   0.1785         0.1744
V3  44.371 15.673   0.2478         0.2478
V4   3.126 12.636   0.1998         0.1998
V5   8.224 11.522   0.1822         0.1742
V6  34.689 14.279   0.2258         0.2258
V7  26.287 11.489   0.1817         0.1817
V8  53.204 10.230   0.1617         0.1617
V9  26.666 12.103   0.1914         0.1914
V10 46.891  9.101   0.1439         0.1439
V11 32.445 11.977   0.1894         0.1955
V12 44.465 12.690   0.2006         0.1983
V13 44.331 11.172   0.1767         0.1774
V14 18.850 11.603   0.1835         0.1835
V15 11.575  8.987   0.1421         0.1421
V16 29.402 10.952   0.1732         0.1889
V17 23.871  9.076   0.1435         0.1435
V18 34.856 10.433   0.1650         0.1650
V19 43.421 11.772   0.1861         0.1861
V20 18.869 10.640   0.1682         0.1682
V21 52.676 13.136   0.2077         0.2031
V22 40.380 12.113   0.1915         0.1915
V23 37.843 13.265   0.2097         0.2097
V24 18.551 10.428   0.1649         0.1649
V25 30.872 12.996   0.2055         0.2167
V26 56.960 11.932   0.1887         0.2217
V27 45.399 12.364   0.1955         0.1955
V28 30.099 14.639   0.2315         0.2245
V29 39.771  9.635   0.1523         0.1523
V30 28.744  9.556   0.1511         0.1511
V31 28.585  9.519   0.1505         0.1505
V32 17.634  9.674   0.1530         0.1570
V33  0.693 10.056   0.1590         0.1590
V34 11.742 13.503   0.2135         0.2135
V35  8.722 13.456   0.2128         0.2128
V36 41.457 10.387   0.1642         0.1605
V37 32.684 11.828   0.1870         0.1870
V38 15.227 11.291   0.1785         0.1663
V39 42.149 13.291   0.2101         0.2101
V40 39.956 14.693   0.2323         0.2323
V41 29.645  9.410   0.1488         0.1488
V42 38.894 10.592   0.1675         0.1675
V43 36.039 10.834   0.1713         0.1713
V44 37.746 11.803   0.1866         0.1866
V45 37.808 11.189   0.1769         0.1769
V46 14.195 12.002   0.1898         0.1898

2. Quantiles for each variable:

       2.5%     25%     50%    75% 97.5%
V1   14.634 29.2614 36.7090 44.380 58.90
V2   -5.195  9.3456 16.9765 24.626 38.85
V3   14.526 33.5202 44.3273 55.202 75.45
V4  -21.838 -5.3026  2.9481 11.796 28.10
V5  -13.895  0.4862  8.2105 16.103 31.07
V6    6.390 25.0145 34.5646 44.195 62.08
V7    3.689 18.3286 26.5047 34.054 48.73
V8   32.823 46.3216 53.3136 60.012 73.12
V9    3.135 18.3612 26.7178 34.651 50.71
V10  28.610 40.9979 46.8410 52.946 64.90
V11   8.699 24.5049 32.3753 40.345 56.06
V12  19.109 35.7760 44.3552 53.044 68.80
V13  22.649 36.7561 44.3423 52.055 65.77
V14  -4.871 11.2486 18.7765 26.473 41.99
V15  -6.373  5.5518 11.6744 17.553 28.74
V16   8.090 22.0582 29.3120 36.825 50.89
V17   6.279 17.5350 24.0695 30.131 40.91
V18  14.769 27.6867 34.7920 42.002 55.10
V19  19.946 35.7327 43.3198 51.356 65.94
V20  -2.742 11.9213 18.8400 26.092 39.82
V21  26.502 43.5377 52.5507 61.704 78.29
V22  17.159 31.9245 40.4288 48.699 64.33
V23  12.097 28.9705 37.8012 46.694 63.28
V24  -1.565 11.4654 18.6719 25.711 39.00
V25   5.518 22.3171 30.8058 39.649 55.64
V26  33.456 48.8202 56.9144 65.009 80.46
V27  21.355 37.2306 45.3212 53.453 70.13
V28   1.083 20.3679 29.9860 40.012 59.12
V29  20.327 33.4652 39.9217 46.203 58.32
V30   9.417 22.3015 28.9222 35.133 47.42
V31  10.006 22.2445 28.4747 34.951 47.61
V32  -1.153 11.0450 17.8178 24.132 36.55
V33 -18.921 -6.1241  0.6642  7.316 20.99
V34 -14.153  2.7099 11.6376 21.081 38.06
V35 -17.258 -0.2939  8.5978 17.621 34.98
V36  21.395 34.3233 41.2234 48.466 62.22
V37   9.048 24.8734 32.7673 40.721 55.73
V38  -6.617  7.5012 15.3114 22.799 37.06
V39  16.807 33.0522 42.0957 50.758 68.18
V40  11.521 30.2921 40.0228 49.750 68.64
V41  11.236 23.2304 29.5593 35.864 48.27
V42  18.457 31.6595 38.8522 46.103 59.42
V43  14.934 28.7693 36.0568 43.424 57.13
V44  14.583 30.0123 37.7531 45.448 61.33
V45  16.028 30.2237 37.5160 45.209 60.11
V46  -9.117  6.0391 13.9674 22.271 37.97

> rd.deltaC
    M    N Nmin     I
V1  2 3787 3746 1.010
V2  2 3787 3746 1.010
V3  2 3787 3746 1.010
V4  2 3787 3746 1.010
V5  2 3635 3746 0.970
V6  2 3711 3746 0.991
V7  2 3787 3746 1.010
V8  2 3561 3746 0.951
V9  2 3787 3746 1.010
V10 2 3787 3746 1.010
V11 2 3787 3746 1.010
V12 2 3946 3746 1.050
V13 2 3711 3746 0.991
V14 2 3711 3746 0.991
V15 2 3711 3746 0.991
V16 2 3787 3746 1.010
V17 2 3787 3746 1.010
V18 2 3561 3746 0.951
V19 2 3711 3746 0.991
V20 2 3561 3746 0.951
V21 2 3635 3746 0.970
V22 2 3561 3746 0.951
V23 2 3635 3746 0.970
V24 2 3711 3746 0.991
V25 2 3635 3746 0.970
V26 2 3635 3746 0.970
V27 2 3635 3746 0.970
V28 2 3711 3746 0.991
V29 2 3635 3746 0.970
V30 2 3635 3746 0.970
V31 2 3711 3746 0.991
V32 2 3711 3746 0.991
V33 2 3866 3746 1.030
V34 2 3635 3746 0.970
V35 2 3787 3746 1.010
V36 2 3946 3746 1.050
V37 2 3711 3746 0.991
V38 2 3787 3746 1.010
V39 2 3787 3746 1.010
V40 2 3787 3746 1.010
V41 2 3711 3746 0.991
V42 2 3711 3746 0.991
V43 2 3711 3746 0.991
V44 2 3711 3746 0.991
V45 2 3787 3746 1.010
V46 2 3635 3746 0.970
> res.deltaC

Iterations = 1:4000
Thinning interval = 1 
Number of chains = 1 
Sample size per chain = 4000 

1. Empirical mean and standard deviation for each variable,
   plus standard error of the mean:

      Mean     SD Naive SE Time-series SE
V1  36.695 11.360   0.1796         0.1796
V2  16.873 11.515   0.1821         0.1821
V3  44.029 15.646   0.2474         0.2411
V4   2.982 12.778   0.2020         0.2020
V5   8.285 11.607   0.1835         0.1835
V6  34.973 13.811   0.2184         0.2184
V7  26.284 11.542   0.1825         0.1921
V8  52.953 10.041   0.1588         0.1547
V9  26.737 12.043   0.1904         0.1904
V10 47.157  8.933   0.1412         0.1412
V11 32.703 11.607   0.1835         0.1835
V12 44.523 12.839   0.2030         0.2030
V13 44.221 11.099   0.1755         0.1759
V14 19.042 11.461   0.1812         0.1812
V15 11.946  9.485   0.1500         0.1500
V16 29.202 11.301   0.1787         0.1787
V17 23.918  9.054   0.1432         0.1432
V18 34.590 10.131   0.1602         0.1552
V19 43.234 11.647   0.1841         0.1841
V20 18.795 10.718   0.1695         0.1695
V21 52.676 13.233   0.2092         0.2063
V22 40.293 11.896   0.1881         0.1881
V23 37.336 13.552   0.2143         0.2057
V24 18.864 10.742   0.1698         0.1698
V25 31.169 13.267   0.2098         0.2098
V26 57.139 12.196   0.1928         0.2272
V27 45.740 12.391   0.1959         0.1959
V28 29.955 14.258   0.2254         0.2254
V29 39.783  9.611   0.1520         0.1520
V30 28.807  9.832   0.1555         0.1555
V31 28.639  9.395   0.1485         0.1485
V32 17.429  9.996   0.1580         0.1580
V33  0.245  9.987   0.1579         0.1579
V34 11.555 13.377   0.2115         0.2115
V35  8.687 13.604   0.2151         0.2151
V36 41.498 10.273   0.1624         0.1624
V37 32.465 11.406   0.1803         0.1803
V38 15.505 11.771   0.1861         0.1861
V39 42.164 13.118   0.2074         0.2074
V40 39.890 14.942   0.2363         0.2363
V41 29.408  9.504   0.1503         0.1503
V42 38.540 10.312   0.1630         0.1710
V43 36.316 11.045   0.1746         0.1746
V44 37.729 11.780   0.1863         0.1863
V45 37.363 11.215   0.1773         0.1654
V46 13.992 11.693   0.1849         0.1849

2. Quantiles for each variable:

       2.5%     25%     50%    75% 97.5%
V1   13.764 29.1337 36.7255 44.271 59.15
V2   -5.176  8.7109 16.8439 24.711 39.59
V3   13.183 33.4230 43.8039 54.274 75.02
V4  -22.142 -5.4547  2.9945 11.510 27.37
V5  -14.209  0.6148  8.1812 15.891 31.65
V6    8.028 25.5854 34.9718 44.097 62.10
V7    3.122 18.4828 26.1211 34.247 49.20
V8   33.492 46.0756 53.0957 59.680 72.80
V9    3.923 18.7055 26.8345 34.557 50.92
V10  29.298 41.2353 47.0479 53.091 65.05
V11  10.189 24.7233 32.6944 40.443 55.56
V12  19.204 36.0106 44.5189 53.395 69.56
V13  22.799 36.4977 44.0990 51.818 65.87
V14  -3.696 11.3396 19.2091 26.657 40.68
V15  -6.141  5.5129 11.8355 18.322 30.90
V16   7.112 21.7776 29.2175 36.870 51.75
V17   5.970 17.9378 23.8548 29.995 41.78
V18  15.152 27.6904 34.6313 41.392 54.03
V19  20.882 35.2062 43.1568 51.187 66.07
V20  -1.877 11.5815 18.8110 26.062 39.84
V21  26.728 43.7443 52.9134 61.798 78.71
V22  16.147 32.4766 40.2377 48.307 63.88
V23  10.401 28.3261 37.6007 46.513 63.45
V24  -1.940 11.4258 18.8265 26.300 39.79
V25   5.379 21.8927 31.0605 40.219 56.95
V26  33.884 48.6832 57.2017 65.430 80.97
V27  21.107 37.3225 45.9324 54.172 69.66
V28   2.257 20.4848 30.0080 39.492 58.27
V29  20.201 33.5917 39.8035 46.290 58.57
V30   9.221 22.2858 28.8114 35.312 48.38
V31   9.511 22.3295 28.8320 34.926 46.47
V32  -2.335 10.9598 17.2399 24.234 37.05
V33 -19.481 -6.4555  0.1095  7.044 19.27
V34 -15.027  2.6603 11.6037 20.649 38.00
V35 -18.685 -0.7111  8.7024 18.056 35.01
V36  21.159 34.4574 41.6227 48.379 61.28
V37  10.412 24.8369 32.6373 39.896 55.26
V38  -7.412  7.6689 15.2227 23.488 38.91
V39  16.436 33.3329 42.4646 50.862 67.39
V40  11.399 29.5021 39.5325 50.052 69.68
V41  10.860 22.8643 29.2311 35.986 48.48
V42  18.991 31.4413 38.4968 45.291 59.15
V43  14.851 28.7156 36.0869 43.780 57.87
V44  15.407 29.6641 37.5259 45.582 61.33
V45  15.954 29.7613 37.3211 44.619 59.97
V46  -9.087  6.3990 13.8521 21.912 36.55

> 
> 
> apply(rd.gamaA,2,max);apply(rd.deltaA,2,max)
      M       N    Nmin       I 
   3.00 4198.00 3746.00    1.12 
     M      N   Nmin      I 
   3.0 4112.0 3746.0    1.1 
> apply(rd.gamaB,2,max);apply(rd.deltaB,2,max)
      M       N    Nmin       I 
   3.00 4198.00 3746.00    1.12 
      M       N    Nmin       I 
   3.00 4198.00 3746.00    1.12 
> apply(rd.gamaC,2,max);apply(rd.deltaC,2,max)
      M       N    Nmin       I 
   3.00 4029.00 3746.00    1.08 
      M       N    Nmin       I 
   2.00 3946.00 3746.00    1.05 
> 
> plot(cadeia.gamaA)
> plot(cadeia.gamaB)
> plot(cadeia.gamaC)
> 
> plot(cadeia.deltaA)
> plot(cadeia.deltaB)
> plot(cadeia.deltaC)
> 
> 
> HPDinterval(cadeia.gamaA)
       lower    upper
V1  2701.459 2748.252
V2  2653.144 2698.687
V3  2676.736 2743.175
V4  2787.456 2840.544
V5  2689.582 2736.043
V6  2681.667 2739.391
V7  2794.640 2842.011
V8  2685.657 2725.894
V9  2821.036 2870.589
V10 2723.924 2760.688
V11 2660.077 2708.441
V12 2695.860 2750.391
V13 2678.825 2723.317
V14 2734.774 2781.987
V15 2695.463 2731.937
V16 2751.772 2797.387
V17 2756.001 2793.227
V18 2712.960 2754.808
V19 2748.785 2797.418
V20 2768.787 2811.744
V21 2681.543 2737.238
V22 2783.931 2834.053
V23 2708.439 2765.155
V24 2696.974 2739.486
V25 2673.285 2728.653
V26 2733.338 2781.454
V27 2662.862 2712.700
V28 2728.902 2789.407
V29 2670.112 2709.122
V30 2767.163 2807.042
V31 2685.334 2722.944
V32 2693.389 2733.947
V33 2718.765 2758.932
V34 2753.864 2810.372
V35 2673.404 2729.667
V36 2703.287 2744.786
V37 2648.036 2694.650
V38 2740.033 2789.282
V39 2701.398 2754.329
V40 2703.116 2765.043
V41 2694.609 2732.629
V42 2665.377 2707.942
V43 2685.613 2728.342
V44 2720.474 2768.717
V45 2676.644 2722.665
V46 2709.406 2758.481
attr(,"Probability")
[1] 0.95
> dadosA<-data.frame(nomes=estimandos,gama=res.gamaA[1]$statistics[,1],
+                   ic.inf=HPDinterval(cadeia.gamaA)[,1],
+                   ic.sup=HPDinterval(cadeia.gamaA)[,2])
> 
> dados1A<-data.frame(nomes=estimandos,delta=res.deltaA[1]$statistics[,1],
+                   ic.inf=HPDinterval(cadeia.deltaA)[,1],
+                   ic.sup=HPDinterval(cadeia.deltaA)[,2])
> 
> HPDinterval(cadeia.gamaB)
       lower    upper
V1  2701.149 2747.119
V2  2652.885 2698.449
V3  2675.592 2740.617
V4  2787.303 2841.447
V5  2689.115 2735.396
V6  2682.895 2740.145
V7  2794.982 2842.339
V8  2685.559 2726.368
V9  2820.431 2869.957
V10 2724.513 2761.202
V11 2660.935 2708.957
V12 2697.387 2750.697
V13 2678.582 2724.458
V14 2736.898 2785.046
V15 2696.189 2732.659
V16 2750.798 2796.389
V17 2756.669 2792.624
V18 2712.846 2755.929
V19 2748.012 2796.374
V20 2768.768 2812.784
V21 2680.659 2734.987
V22 2783.818 2833.399
V23 2709.242 2765.290
V24 2697.155 2740.059
V25 2672.706 2727.787
V26 2732.839 2782.472
V27 2663.567 2713.987
V28 2727.937 2787.885
V29 2671.186 2710.133
V30 2767.830 2808.044
V31 2684.817 2722.945
V32 2694.062 2734.111
V33 2719.887 2761.038
V34 2756.072 2811.340
V35 2674.781 2729.654
V36 2702.804 2745.233
V37 2646.431 2693.626
V38 2742.068 2788.471
V39 2701.693 2755.885
V40 2702.011 2765.581
V41 2692.772 2731.519
V42 2666.303 2707.892
V43 2686.233 2730.708
V44 2721.101 2768.695
V45 2677.235 2722.792
V46 2708.579 2756.773
attr(,"Probability")
[1] 0.95
> dadosB<-data.frame(nomes=estimandos,gama=res.gamaB[1]$statistics[,1],
+                   ic.inf=HPDinterval(cadeia.gamaB)[,1],
+                   ic.sup=HPDinterval(cadeia.gamaB)[,2])
> 
> dados1B<-data.frame(nomes=estimandos,delta=res.deltaB[1]$statistics[,1],
+                    ic.inf=HPDinterval(cadeia.deltaB)[,1],
+                    ic.sup=HPDinterval(cadeia.deltaB)[,2])
> 
> 
> HPDinterval(cadeia.gamaC)
       lower    upper
V1  2700.638 2747.383
V2  2652.760 2699.505
V3  2675.515 2743.404
V4  2788.900 2841.449
V5  2688.938 2736.295
V6  2679.729 2737.929
V7  2793.897 2840.915
V8  2684.514 2726.596
V9  2821.823 2871.271
V10 2724.169 2760.726
V11 2661.218 2709.286
V12 2698.200 2750.604
V13 2677.813 2723.723
V14 2736.345 2783.523
V15 2695.939 2733.388
V16 2750.178 2796.094
V17 2758.315 2793.944
V18 2712.140 2754.398
V19 2747.767 2796.821
V20 2768.139 2811.558
V21 2681.391 2736.442
V22 2784.013 2833.759
V23 2708.807 2764.421
V24 2697.673 2740.803
V25 2673.498 2727.553
V26 2730.404 2779.818
V27 2664.016 2714.485
V28 2730.466 2792.034
V29 2670.501 2708.930
V30 2768.787 2808.554
V31 2685.874 2724.930
V32 2691.839 2733.336
V33 2719.680 2760.980
V34 2755.445 2811.417
V35 2673.387 2729.111
V36 2703.828 2746.650
V37 2648.578 2695.817
V38 2743.327 2790.435
V39 2699.433 2754.138
V40 2702.430 2764.032
V41 2693.515 2731.901
V42 2665.190 2708.023
V43 2684.698 2728.201
V44 2721.385 2769.391
V45 2677.804 2724.226
V46 2709.877 2758.035
attr(,"Probability")
[1] 0.95
> dadosC<-data.frame(nomes=estimandos,gama=res.gamaC[1]$statistics[,1],
+                   ic.inf=HPDinterval(cadeia.gamaC)[,1],
+                   ic.sup=HPDinterval(cadeia.gamaC)[,2])
> 
> dados1C<-data.frame(nomes=estimandos,delta=res.deltaC[1]$statistics[,1],
+                    ic.inf=HPDinterval(cadeia.deltaC)[,1],
+                    ic.sup=HPDinterval(cadeia.deltaC)[,2])
> 
> 
> 
> # organizando o gama
> dadosA$RAN <- rank(dadosA$gama,ties.method= "first")
> dadosA$nomes<-ordered(dadosA$nomes, levels=dadosA$nomes[order(dadosA$gama)])
> aux<-dadosA
> for(i in 1:length(levels(dadosA$nomes))){
+   aux[i,]<-dadosA[which(dadosA$RAN==i),]
+ }
> dadosA<-aux;rm(aux)
> 
> dadosB$RAN <- rank(dadosB$gama,ties.method= "first")
> dadosB$nomes<-ordered(dadosB$nomes, levels=dadosB$nomes[order(dadosB$gama)])
> aux<-dadosB
> for(i in 1:length(levels(dadosB$nomes))){
+   aux[i,]<-dadosB[which(dadosB$RAN==i),]
+ }
> dadosB<-aux;rm(aux)
> 
> dadosC$RAN <- rank(dadosC$gama,ties.method= "first")
> dadosC$nomes<-ordered(dadosC$nomes, levels=dadosC$nomes[order(dadosC$gama)])
> aux<-dadosC
> for(i in 1:length(levels(dadosC$nomes))){
+   aux[i,]<-dadosC[which(dadosC$RAN==i),]
+ }
> dadosC<-aux;rm(aux)
> 
> #organizando o delta
> dados1A$RAN <- rank(dados1A$delta,ties.method= "first")
> dados1A$nomes<-ordered(dados1A$nomes, levels=dados1A$nomes[order(dados1A$delta)])
> aux<-dados1A
> for(i in 1:length(levels(dados1A$nomes))){
+   aux[i,]<-dados1A[which(dados1A$RAN==i),]
+ }
> dados1A<-aux;rm(aux)
> 
> dados1B$RAN <- rank(dados1B$delta,ties.method= "first")
> dados1B$nomes<-ordered(dados1B$nomes, levels=dados1B$nomes[order(dados1B$delta)])
> aux<-dados1B
> for(i in 1:length(levels(dados1B$nomes))){
+   aux[i,]<-dados1B[which(dados1B$RAN==i),]
+ }
> dados1B<-aux;rm(aux)
> 
> dados1C$RAN <- rank(dados1C$delta,ties.method= "first")
> dados1C$nomes<-ordered(dados1C$nomes, levels=dados1C$nomes[order(dados1C$delta)])
> aux<-dados1C
> for(i in 1:length(levels(dados1C$nomes))){
+   aux[i,]<-dados1C[which(dados1C$RAN==i),]
+ }
> dados1C<-aux;rm(aux)
> 
> 
> save(dadosA,file="dadosA.rda");save(dadosB,file="dadosB.rda");save(dadosC,file="dadosC.rda")
> save(dados1A,file="dados1A.rda");save(dados1B,file="dados1B.rda");save(dados1C,file="dados1C.rda")
> 
> #gama
> attach(dadosA)
The following object is masked _by_ .GlobalEnv:

    nomes
> LI <- ic.inf
> LS <-ic.sup 
> Trat <- factor(dadosA$nomes)
> segplot (Trat ~ LI + LS, center= gama, col="gray50", 
+          xlab="IC Gama", ylab="jogadores",
+          draw.bands=F, segments.fun=panel.arrows, ends="both",
+          angle=90, length=1, unit="mm", las=2)
> 
> detach(dadosA,pos=dadosA)
> 
> attach(dadosB)
The following object is masked _by_ .GlobalEnv:

    nomes
> LI <- ic.inf
> LS <-ic.sup 
> Trat <- factor(dadosB$nomes)
> segplot (Trat ~ LI + LS, center= gama, col="gray50", 
+          xlab="IC Gama", ylab="jogadores",
+          draw.bands=F, segments.fun=panel.arrows, ends="both",
+          angle=90, length=1, unit="mm", las=2)
> 
> detach(dadosB,pos=dadosB)
> 
> attach(dadosC)
The following object is masked _by_ .GlobalEnv:

    nomes
> LI <- ic.inf
> LS <-ic.sup 
> Trat <- factor(dadosC$nomes)
> segplot (Trat ~ LI + LS, center= gama, col="gray50", 
+          xlab="IC Gama", ylab="jogadores",
+          draw.bands=F, segments.fun=panel.arrows, ends="both",
+          angle=90, length=1, unit="mm", las=2)
> 
> detach(dadosC,pos=dadosC)
> 
> 
> 
> #delta
> attach(dados1A)
The following object is masked _by_ .GlobalEnv:

    nomes
> LI <- ic.inf
> LS <-ic.sup 
> Trat <- factor(dados1A$nomes)
> segplot (Trat ~ LI + LS, center= delta, col="gray50", 
+          xlab="IC", ylab="Tratamentos",
+          draw.bands=F, segments.fun=panel.arrows, ends="both",
+          angle=90, length=1, unit="mm", las=2)
> detach(dados1A,pos=dados1A)
> 
> attach(dados1B)
The following object is masked _by_ .GlobalEnv:

    nomes
> LI <- ic.inf
> LS <-ic.sup 
> Trat <- factor(dados1B$nomes)
> segplot (Trat ~ LI + LS, center= delta, col="gray50", 
+          xlab="IC", ylab="Tratamentos",
+          draw.bands=F, segments.fun=panel.arrows, ends="both",
+          angle=90, length=1, unit="mm", las=2)
> detach(dados1B,pos=dados1B)
> 
> attach(dados1C)
The following object is masked _by_ .GlobalEnv:

    nomes
> LI <- ic.inf
> LS <-ic.sup 
> Trat <- factor(dados1C$nomes)
> segplot (Trat ~ LI + LS, center= delta, col="gray50", 
+          xlab="IC", ylab="Tratamentos",
+          draw.bands=F, segments.fun=panel.arrows, ends="both",
+          angle=90, length=1, unit="mm", las=2)
> detach(dados1C,pos=dados1C)
> 
> proc.time()
   user  system elapsed 
 22.048   0.292  22.732 
